// Jest Snapshot v1, https://goo.gl/fbAQLP

exports[`VueCsvImport can mount 1`] = `
"
            <div id=\\"app\\"><div class=\\"vue-csv-uploader\\"><div class=\\"form\\"><div class=\\"form-check\\"><input type=\\"checkbox\\" id=\\"hasHeaders\\" class=\\"form-check-input\\"> <label for=\\"hasHeaders\\" class=\\"form-check-label\\">
                File Has Headers
            </label></div> <div class=\\"form-group\\"><input type=\\"file\\" name=\\"csv\\" class=\\"form-control\\"></div> <div class=\\"form-group\\"><input type=\\"submit\\" class=\\"btn btn-default\\"></div> <!----></div></div></div>
        "
`;
